{
  "category": "Webhooks",
  "name": "Webhooks",
  "order": 11,
  "request": {
    "method": "OPTIONS",
    "path_template": "/webhooks",
    "path": "/webhooks",
    "headers": {
      "Accept": "application/hal+json"
    }
  },
  "response": {
    "status": 200,
    "headers": {
      "access-control-allow-methods": "GET, POST, OPTIONS",
      "content-length": "<id>",
      "date": "<date>",
      "server": "Webmachine-Ruby/2.0.1 Rack/3.2"
    },
    "body": ""
  }
}
