{
  "category": "Webhooks",
  "name": "Webhooks for consumer",
  "order": 13,
  "request": {
    "method": "GET",
    "path_template": "/webhooks/consumer/:consumer_name",
    "path": "/webhooks/consumer/Foo",
    "headers": {
      "Accept": "application/hal+json"
    }
  },
  "response": {
    "status": 200,
    "headers": {
      "content-type": "application/hal+json;charset=utf-8",
      "content-length": "<id>",
      "date": "<date>",
      "server": "Webmachine-Ruby/2.0.1 Rack/3.1"
    },
    "body": {
      "_links": {
        "self": {
          "title": "Webhooks",
          "href": "http://example.org/webhooks/consumer/Foo"
        },
        "pb:create": {
          "title": "POST to create a webhook",
          "href": "http://example.org/webhooks/consumer/Foo"
        },
        "pb:webhooks": [

        ],
        "curies": [
          {
            "name": "pb",
            "href": "https://pact-broker/doc/webhooks-{rel}",
            "templated": true
          }
        ]
      }
    }
  }
}
