{
  "category": "Webhooks",
  "name": "Executing a saved webhook",
  "order": 33,
  "request": {
    "method": "OPTIONS",
    "path_template": "/webhooks/:uuid/execute",
    "path": "/webhooks/d2181b32-8b03-4daf-8cc0-d9168b2f6fac/execute",
    "headers": {
      "Accept": "application/hal+json"
    }
  },
  "response": {
    "status": 200,
    "headers": {
      "access-control-allow-methods": "POST, OPTIONS",
      "content-length": "<id>",
      "date": "<date>",
      "server": "Webmachine-Ruby/2.0.1 Rack/3.1"
    },
    "body": ""
  }
}
