{
  "category": "Webhooks",
  "name": "Triggered webhooks for pact publication",
  "order": 41,
  "request": {
    "method": "GET",
    "path_template": "/pacts/provider/:provider_name/consumer/:consumer_name/version/:consumer_version_number/triggered-webhooks",
    "path": "/pacts/provider/Bar/consumer/Foo/version/3e1f00a04/triggered-webhooks",
    "headers": {
      "Accept": "application/hal+json"
    }
  },
  "response": {
    "status": 200,
    "headers": {
      "content-type": "application/hal+json;charset=utf-8",
      "content-length": "<id>",
      "date": "<date>",
      "server": "Webmachine-Ruby/2.0.1 Rack/3.2"
    },
    "body": {
      "_embedded": {
        "triggeredWebhooks": [
          {
            "name": "POST example.org",
            "status": "not_run",
            "attemptsMade": 1,
            "attemptsRemaining": 6,
            "triggerType": "resource_creation",
            "eventName": "contract_content_changed",
            "triggeredAt": "2021-09-01T00:07:21+00:00",
            "_links": {
              "pb:logs": {
                "href": "https://pact-broker/triggered-webhooks/6cd5cc48-db3c-4a4c-a36d-e9bedeb9d91e/logs",
                "title": "Webhook execution logs",
                "name": "POST example.org"
              },
              "pb:webhook": {
                "href": "https://pact-broker/webhooks/d2181b32-8b03-4daf-8cc0-d9168b2f6fac",
                "title": "Webhook",
                "name": "POST example.org"
              }
            }
          }
        ]
      },
      "_links": {
        "self": {
          "title": "Webhooks triggered by the publication of the pact between Foo (3e1f00a04) and Bar",
          "href": "http://example.org/pacts/provider/Bar/consumer/Foo/version/3e1f00a04/triggered-webhooks"
        }
      }
    }
  }
}
