{
  "category": "Webhooks",
  "name": "Webhooks",
  "order": 9,
  "request": {
    "method": "POST",
    "path_template": "/webhooks",
    "path": "/webhooks",
    "headers": {
      "Content-Type": "application/json",
      "Accept": "application/hal+json"
    },
    "body": {
      "description": "an example webhook",
      "events": [
        {
          "name": "contract_content_changed"
        }
      ],
      "request": {
        "method": "POST",
        "url": "https://example.org/example",
        "username": "username",
        "password": "password",
        "headers": {
          "Accept": "application/json"
        },
        "body": {
          "pactUrl": "${pactbroker.pactUrl}"
        }
      }
    }
  },
  "response": {
    "status": 201,
    "headers": {
      "content-type": "application/hal+json;charset=utf-8",
      "location": "https://pact-broker/webhooks/dCGCl-Ba3PqEFJ_iE9mJkQ",
      "content-length": "<id>",
      "date": "<date>",
      "server": "Webmachine-Ruby/2.0.1 Rack/3.2"
    },
    "body": {
      "uuid": "dCGCl-Ba3PqEFJ_iE9mJkQ",
      "description": "an example webhook",
      "enabled": true,
      "request": {
        "method": "POST",
        "url": "https://example.org/example",
        "headers": {
          "accept": "application/json"
        },
        "body": {
          "pactUrl": "${pactbroker.pactUrl}"
        },
        "username": "username",
        "password": "**********"
      },
      "events": [
        {
          "name": "contract_content_changed"
        }
      ],
      "createdAt": "2021-09-01T00:07:21+00:00",
      "_links": {
        "self": {
          "title": "an example webhook",
          "href": "https://pact-broker/webhooks/dCGCl-Ba3PqEFJ_iE9mJkQ"
        },
        "pb:execute": {
          "title": "Test the execution of the webhook with the latest matching pact or verification by sending a POST request to this URL",
          "href": "https://pact-broker/webhooks/dCGCl-Ba3PqEFJ_iE9mJkQ/execute"
        },
        "pb:webhooks": {
          "title": "All webhooks",
          "href": "https://pact-broker/webhooks"
        }
      }
    }
  }
}
