{
  "category": "Webhooks",
  "name": "Webhooks status",
  "order": 31,
  "request": {
    "method": "OPTIONS",
    "path_template": "/pacts/provider/:provider_name/consumer/:consumer_name/webhooks/status",
    "path": "/pacts/provider/Bar/consumer/Foo/webhooks/status",
    "headers": {
      "Accept": "application/hal+json"
    }
  },
  "response": {
    "status": 200,
    "headers": {
      "access-control-allow-methods": "GET, OPTIONS",
      "content-length": "<id>",
      "date": "<date>",
      "server": "Webmachine-Ruby/2.0.1 Rack/3.1"
    },
    "body": ""
  }
}
