{
  "category": "Webhooks",
  "name": "Triggered webhooks for verification publication",
  "order": 47,
  "request": {
    "method": "OPTIONS",
    "path_template": "/pacts/provider/:provider_name/consumer/:consumer_name/pact-version/:pact_version_sha/verification-results/:verification_number/triggered-webhooks",
    "path": "/pacts/provider/Bar/consumer/Foo/pact-version/3e193ecb37ad04b43ce974a38352c704b2e0ed6b/verification-results/1/triggered-webhooks",
    "headers": {
      "Accept": "application/hal+json"
    }
  },
  "response": {
    "status": 200,
    "headers": {
      "access-control-allow-methods": "GET, OPTIONS",
      "content-length": "<id>",
      "date": "<date>",
      "server": "Webmachine-Ruby/2.0.1 Rack/3.1"
    },
    "body": ""
  }
}
