{
  "category": "Webhooks",
  "name": "Webhook",
  "order": 1,
  "request": {
    "method": "GET",
    "path_template": "/webhooks/:uuid",
    "path": "/webhooks/d2181b32-8b03-4daf-8cc0-d9168b2f6fac",
    "headers": {
      "Accept": "application/hal+json"
    }
  },
  "response": {
    "status": 200,
    "headers": {
      "content-type": "application/hal+json;charset=utf-8",
      "content-length": "<id>",
      "date": "<date>",
      "server": "Webmachine-Ruby/2.0.1 Rack/3.1"
    },
    "body": {
      "uuid": "d2181b32-8b03-4daf-8cc0-d9168b2f6fac",
      "description": "an example webhook",
      "consumer": {
        "name": "Foo"
      },
      "provider": {
        "name": "Bar"
      },
      "enabled": true,
      "request": {
        "method": "POST",
        "url": "https://example.org/webhook",
        "headers": {
          "content-type": "application/json"
        },
        "body": {
          "pactUrl": "${pactbroker.pactUrl}"
        }
      },
      "events": [
        {
          "name": "contract_content_changed"
        }
      ],
      "createdAt": "2021-09-01T00:07:21+00:00",
      "_links": {
        "self": {
          "title": "an example webhook",
          "href": "https://pact-broker/webhooks/d2181b32-8b03-4daf-8cc0-d9168b2f6fac"
        },
        "pb:execute": {
          "title": "Test the execution of the webhook with the latest matching pact or verification by sending a POST request to this URL",
          "href": "https://pact-broker/webhooks/d2181b32-8b03-4daf-8cc0-d9168b2f6fac/execute"
        },
        "pb:consumer": {
          "title": "Consumer",
          "name": "Foo",
          "href": "https://pact-broker/pacticipants/Foo"
        },
        "pb:provider": {
          "title": "Provider",
          "name": "Bar",
          "href": "https://pact-broker/pacticipants/Bar"
        },
        "pb:pact-webhooks": {
          "title": "All webhooks for consumer Foo and provider Bar",
          "href": "https://pact-broker/webhooks/provider/Bar/consumer/Foo"
        },
        "pb:webhooks": {
          "title": "All webhooks",
          "href": "https://pact-broker/webhooks"
        }
      }
    }
  }
}
