{
  "category": "Webhooks",
  "name": "Logs of triggered webhook",
  "order": 49,
  "request": {
    "method": "GET",
    "path_template": "/triggered-webhooks/:uuid/logs",
    "path": "/triggered-webhooks/6cd5cc48-db3c-4a4c-a36d-e9bedeb9d91e/logs",
    "headers": {
      "Accept": "application/hal+json"
    }
  },
  "response": {
    "status": 200,
    "headers": {
      "Content-Type": "text/plain;charset=utf-8",
      "Vary": "Accept"
    },
    "body": "logs"
  }
}
